T1	DDI-MedLine.d12.s0.e0
T2	DDI-MedLine.d12.s0.e1
T3	DDI-MedLine.d12.s0.e2
T4	DDI-MedLine.d12.s0.e3
R1	DDI-MedLine.d12.s0.p1
R2	DDI-MedLine.d12.s0.p2
R3	DDI-MedLine.d12.s0.p3
R4	DDI-MedLine.d12.s0.p4
T5	DDI-MedLine.d12.s1.e0
T6	DDI-MedLine.d12.s1.e1
T7	DDI-MedLine.d12.s1.e2
T8	DDI-MedLine.d12.s2.e0
T9	DDI-MedLine.d12.s2.e1
T10	DDI-MedLine.d12.s2.e2
T11	DDI-MedLine.d12.s2.e3
T12	DDI-MedLine.d12.s2.e4
R5	DDI-MedLine.d12.s2.p2
R6	DDI-MedLine.d12.s2.p3
R7	DDI-MedLine.d12.s2.p5
R8	DDI-MedLine.d12.s2.p6
T13	DDI-MedLine.d12.s3.e0
T14	DDI-MedLine.d12.s3.e1
T15	DDI-MedLine.d12.s3.e2
R9	DDI-MedLine.d12.s3.p1
R10	DDI-MedLine.d12.s3.p2
T16	DDI-MedLine.d12.s4.e0
T17	DDI-MedLine.d12.s4.e1
T18	DDI-MedLine.d12.s4.e2
R11	DDI-MedLine.d12.s4.p1
R12	DDI-MedLine.d12.s4.p2
T19	DDI-MedLine.d12.s5.e0
T20	DDI-MedLine.d12.s5.e1
T21	DDI-MedLine.d12.s6.e0
T22	DDI-MedLine.d12.s6.e1
R13	DDI-MedLine.d12.s6.p0
T23	DDI-MedLine.d12.s7.e0
T24	DDI-MedLine.d12.s7.e1
T25	DDI-MedLine.d12.s7.e2
T26	DDI-MedLine.d12.s7.e3
T27	DDI-MedLine.d12.s7.e4
T28	DDI-MedLine.d12.s7.e5
R14	DDI-MedLine.d12.s7.p3
R15	DDI-MedLine.d12.s7.p4
R16	DDI-MedLine.d12.s7.p7
R17	DDI-MedLine.d12.s7.p8
R18	DDI-MedLine.d12.s7.p10
R19	DDI-MedLine.d12.s7.p11
R20	DDI-MedLine.d12.s7.p12
R21	DDI-MedLine.d12.s7.p13
