T1	DDI-DrugBank.d533.s0.e0
T2	DDI-DrugBank.d533.s0.e1
T3	DDI-DrugBank.d533.s1.e0
T4	DDI-DrugBank.d533.s1.e1
T5	DDI-DrugBank.d533.s1.e2
T6	DDI-DrugBank.d533.s1.e3
T7	DDI-DrugBank.d533.s1.e4
T8	DDI-DrugBank.d533.s1.e5
T9	DDI-DrugBank.d533.s1.e6
T10	DDI-DrugBank.d533.s1.e7
T11	DDI-DrugBank.d533.s1.e8
T12	DDI-DrugBank.d533.s1.e9
T13	DDI-DrugBank.d533.s1.e10
T14	DDI-DrugBank.d533.s1.e11
T15	DDI-DrugBank.d533.s2.e0
T16	DDI-DrugBank.d533.s2.e1
R1	DDI-DrugBank.d533.s2.p0
T17	DDI-DrugBank.d533.s3.e0
T18	DDI-DrugBank.d533.s3.e1
R2	DDI-DrugBank.d533.s3.p0
T19	DDI-DrugBank.d533.s4.e0
T20	DDI-DrugBank.d533.s4.e1
T21	DDI-DrugBank.d533.s4.e2
T22	DDI-DrugBank.d533.s4.e3
R3	DDI-DrugBank.d533.s4.p3
T23	DDI-DrugBank.d533.s5.e0
T24	DDI-DrugBank.d533.s6.e0
T25	DDI-DrugBank.d533.s6.e1
T26	DDI-DrugBank.d533.s7.e0
T27	DDI-DrugBank.d533.s7.e1
T28	DDI-DrugBank.d533.s7.e2
T29	DDI-DrugBank.d533.s7.e3
T30	DDI-DrugBank.d533.s7.e4
T31	DDI-DrugBank.d533.s7.e5
T32	DDI-DrugBank.d533.s7.e6
T33	DDI-DrugBank.d533.s7.e7
T34	DDI-DrugBank.d533.s7.e8
T35	DDI-DrugBank.d533.s7.e9
T36	DDI-DrugBank.d533.s7.e10
T37	DDI-DrugBank.d533.s8.e0
T38	DDI-DrugBank.d533.s8.e1
T39	DDI-DrugBank.d533.s8.e2
T40	DDI-DrugBank.d533.s9.e0
T41	DDI-DrugBank.d533.s9.e1
T42	DDI-DrugBank.d533.s9.e2
T43	DDI-DrugBank.d533.s9.e3
R4	DDI-DrugBank.d533.s9.p3
