T1	DDI-DrugBank.d99.s2.e0
T2	DDI-DrugBank.d99.s2.e1
T3	DDI-DrugBank.d99.s3.e0
T4	DDI-DrugBank.d99.s5.e0
T5	DDI-DrugBank.d99.s6.e0
T6	DDI-DrugBank.d99.s7.e0
T7	DDI-DrugBank.d99.s7.e1
T8	DDI-DrugBank.d99.s7.e2
T9	DDI-DrugBank.d99.s7.e3
T10	DDI-DrugBank.d99.s7.e4
T11	DDI-DrugBank.d99.s7.e5
T12	DDI-DrugBank.d99.s8.e0
T13	DDI-DrugBank.d99.s8.e1
T14	DDI-DrugBank.d99.s8.e2
T15	DDI-DrugBank.d99.s8.e3
T16	DDI-DrugBank.d99.s8.e4
T17	DDI-DrugBank.d99.s9.e0
T18	DDI-DrugBank.d99.s9.e1
T19	DDI-DrugBank.d99.s9.e2
R1	DDI-DrugBank.d99.s9.p0
T20	DDI-DrugBank.d99.s10.e0
T21	DDI-DrugBank.d99.s10.e1
R2	DDI-DrugBank.d99.s10.p0
T22	DDI-DrugBank.d99.s11.e0
T23	DDI-DrugBank.d99.s12.e0
T24	DDI-DrugBank.d99.s12.e1
T25	DDI-DrugBank.d99.s13.e0
T26	DDI-DrugBank.d99.s14.e0
T27	DDI-DrugBank.d99.s14.e1
T28	DDI-DrugBank.d99.s15.e0
T29	DDI-DrugBank.d99.s15.e1
T30	DDI-DrugBank.d99.s16.e0
T31	DDI-DrugBank.d99.s17.e0
T32	DDI-DrugBank.d99.s17.e1
T33	DDI-DrugBank.d99.s17.e2
T34	DDI-DrugBank.d99.s18.e0
T35	DDI-DrugBank.d99.s18.e1
T36	DDI-DrugBank.d99.s18.e2
T37	DDI-DrugBank.d99.s18.e3
T38	DDI-DrugBank.d99.s18.e4
T39	DDI-DrugBank.d99.s18.e5
T40	DDI-DrugBank.d99.s19.e0
T41	DDI-DrugBank.d99.s19.e1
T42	DDI-DrugBank.d99.s19.e2
R3	DDI-DrugBank.d99.s19.p0
T43	DDI-DrugBank.d99.s20.e0
T44	DDI-DrugBank.d99.s20.e1
R4	DDI-DrugBank.d99.s20.p0
T45	DDI-DrugBank.d99.s21.e0
T46	DDI-DrugBank.d99.s21.e1
T47	DDI-DrugBank.d99.s21.e2
R5	DDI-DrugBank.d99.s21.p0
T48	DDI-DrugBank.d99.s22.e0
T49	DDI-DrugBank.d99.s22.e1
R6	DDI-DrugBank.d99.s22.p0
T50	DDI-DrugBank.d99.s23.e0
T51	DDI-DrugBank.d99.s23.e1
T52	DDI-DrugBank.d99.s23.e2
T53	DDI-DrugBank.d99.s23.e3
R7	DDI-DrugBank.d99.s23.p1
T54	DDI-DrugBank.d99.s24.e0
T55	DDI-DrugBank.d99.s24.e1
T56	DDI-DrugBank.d99.s24.e2
T57	DDI-DrugBank.d99.s24.e3
R8	DDI-DrugBank.d99.s24.p3
T58	DDI-DrugBank.d99.s25.e0
T59	DDI-DrugBank.d99.s26.e0
T60	DDI-DrugBank.d99.s26.e1
R9	DDI-DrugBank.d99.s26.p0
