T1	DDI-DrugBank.d318.s0.e0
T2	DDI-DrugBank.d318.s0.e1
R1	DDI-DrugBank.d318.s0.p0
T3	DDI-DrugBank.d318.s1.e0
T4	DDI-DrugBank.d318.s1.e1
T5	DDI-DrugBank.d318.s2.e0
T6	DDI-DrugBank.d318.s2.e1
T7	DDI-DrugBank.d318.s2.e2
T8	DDI-DrugBank.d318.s2.e3
R2	DDI-DrugBank.d318.s2.p2
R3	DDI-DrugBank.d318.s2.p4
R4	DDI-DrugBank.d318.s2.p5
T9	DDI-DrugBank.d318.s3.e0
T10	DDI-DrugBank.d318.s5.e0
T11	DDI-DrugBank.d318.s5.e1
T12	DDI-DrugBank.d318.s5.e2
R5	DDI-DrugBank.d318.s5.p2
T13	DDI-DrugBank.d318.s7.e0
T14	DDI-DrugBank.d318.s7.e1
T15	DDI-DrugBank.d318.s7.e2
R6	DDI-DrugBank.d318.s7.p2
T16	DDI-DrugBank.d318.s8.e0
T17	DDI-DrugBank.d318.s8.e1
T18	DDI-DrugBank.d318.s8.e2
T19	DDI-DrugBank.d318.s8.e3
T20	DDI-DrugBank.d318.s8.e4
T21	DDI-DrugBank.d318.s8.e5
T22	DDI-DrugBank.d318.s8.e6
T23	DDI-DrugBank.d318.s8.e7
T24	DDI-DrugBank.d318.s8.e8
R7	DDI-DrugBank.d318.s8.p35
T25	DDI-DrugBank.d318.s10.e0
T26	DDI-DrugBank.d318.s10.e1
T27	DDI-DrugBank.d318.s10.e2
T28	DDI-DrugBank.d318.s12.e0
T29	DDI-DrugBank.d318.s12.e1
T30	DDI-DrugBank.d318.s12.e2
T31	DDI-DrugBank.d318.s12.e3
R8	DDI-DrugBank.d318.s12.p3
R9	DDI-DrugBank.d318.s12.p4
T32	DDI-DrugBank.d318.s14.e0
T33	DDI-DrugBank.d318.s14.e1
T34	DDI-DrugBank.d318.s14.e2
R10	DDI-DrugBank.d318.s14.p2
