T1	DDI-DrugBank.d284.s0.e0
T2	DDI-DrugBank.d284.s0.e1
R1	DDI-DrugBank.d284.s0.p0
T3	DDI-DrugBank.d284.s1.e0
T4	DDI-DrugBank.d284.s1.e1
T5	DDI-DrugBank.d284.s2.e0
T6	DDI-DrugBank.d284.s3.e0
T7	DDI-DrugBank.d284.s3.e1
T8	DDI-DrugBank.d284.s3.e2
T9	DDI-DrugBank.d284.s3.e3
T10	DDI-DrugBank.d284.s3.e4
T11	DDI-DrugBank.d284.s3.e5
R2	DDI-DrugBank.d284.s3.p4
R3	DDI-DrugBank.d284.s3.p8
R4	DDI-DrugBank.d284.s3.p11
R5	DDI-DrugBank.d284.s3.p13
R6	DDI-DrugBank.d284.s3.p14
T12	DDI-DrugBank.d284.s4.e0
T13	DDI-DrugBank.d284.s4.e1
T14	DDI-DrugBank.d284.s4.e2
T15	DDI-DrugBank.d284.s4.e3
T16	DDI-DrugBank.d284.s4.e4
R7	DDI-DrugBank.d284.s4.p2
R8	DDI-DrugBank.d284.s4.p5
R9	DDI-DrugBank.d284.s4.p7
T17	DDI-DrugBank.d284.s5.e0
T18	DDI-DrugBank.d284.s5.e1
R10	DDI-DrugBank.d284.s5.p0
T19	DDI-DrugBank.d284.s6.e0
T20	DDI-DrugBank.d284.s6.e1
T21	DDI-DrugBank.d284.s6.e2
T22	DDI-DrugBank.d284.s6.e3
T23	DDI-DrugBank.d284.s6.e4
R11	DDI-DrugBank.d284.s6.p1
R12	DDI-DrugBank.d284.s6.p2
R13	DDI-DrugBank.d284.s6.p4
R14	DDI-DrugBank.d284.s6.p5
R15	DDI-DrugBank.d284.s6.p8
R16	DDI-DrugBank.d284.s6.p9
T24	DDI-DrugBank.d284.s8.e0
T25	DDI-DrugBank.d284.s8.e1
T26	DDI-DrugBank.d284.s8.e2
T27	DDI-DrugBank.d284.s8.e3
T28	DDI-DrugBank.d284.s9.e0
T29	DDI-DrugBank.d284.s9.e1
T30	DDI-DrugBank.d284.s9.e2
T31	DDI-DrugBank.d284.s10.e0
T32	DDI-DrugBank.d284.s10.e1
T33	DDI-DrugBank.d284.s10.e2
T34	DDI-DrugBank.d284.s11.e0
T35	DDI-DrugBank.d284.s12.e0
T36	DDI-DrugBank.d284.s12.e1
T37	DDI-DrugBank.d284.s12.e2
R17	DDI-DrugBank.d284.s12.p1
R18	DDI-DrugBank.d284.s12.p2
T38	DDI-DrugBank.d284.s13.e0
T39	DDI-DrugBank.d284.s13.e1
R19	DDI-DrugBank.d284.s13.p0
T40	DDI-DrugBank.d284.s14.e0
T41	DDI-DrugBank.d284.s15.e0
T42	DDI-DrugBank.d284.s16.e0
