T1	DDI-DrugBank.d469.s0.e0
T2	DDI-DrugBank.d469.s0.e1
R1	DDI-DrugBank.d469.s0.p0
T3	DDI-DrugBank.d469.s1.e0
T4	DDI-DrugBank.d469.s2.e0
T5	DDI-DrugBank.d469.s3.e0
T6	DDI-DrugBank.d469.s3.e1
T7	DDI-DrugBank.d469.s3.e2
T8	DDI-DrugBank.d469.s4.e0
T9	DDI-DrugBank.d469.s5.e0
T10	DDI-DrugBank.d469.s6.e0
T11	DDI-DrugBank.d469.s7.e0
T12	DDI-DrugBank.d469.s7.e1
T13	DDI-DrugBank.d469.s7.e2
T14	DDI-DrugBank.d469.s7.e3
T15	DDI-DrugBank.d469.s7.e4
T16	DDI-DrugBank.d469.s7.e5
T17	DDI-DrugBank.d469.s7.e6
T18	DDI-DrugBank.d469.s7.e7
T19	DDI-DrugBank.d469.s7.e8
T20	DDI-DrugBank.d469.s7.e9
T21	DDI-DrugBank.d469.s7.e10
R2	DDI-DrugBank.d469.s7.p0
R3	DDI-DrugBank.d469.s7.p1
R4	DDI-DrugBank.d469.s7.p2
R5	DDI-DrugBank.d469.s7.p3
R6	DDI-DrugBank.d469.s7.p4
R7	DDI-DrugBank.d469.s7.p5
R8	DDI-DrugBank.d469.s7.p6
R9	DDI-DrugBank.d469.s7.p7
R10	DDI-DrugBank.d469.s7.p8
R11	DDI-DrugBank.d469.s7.p9
T22	DDI-DrugBank.d469.s8.e0
T23	DDI-DrugBank.d469.s9.e0
T24	DDI-DrugBank.d469.s9.e1
R12	DDI-DrugBank.d469.s9.p0
T25	DDI-DrugBank.d469.s10.e0
T26	DDI-DrugBank.d469.s10.e1
R13	DDI-DrugBank.d469.s10.p0
