T1	DDI-DrugBank.d291.s0.e0
T2	DDI-DrugBank.d291.s0.e1
T3	DDI-DrugBank.d291.s0.e2
T4	DDI-DrugBank.d291.s0.e3
T5	DDI-DrugBank.d291.s0.e4
R1	DDI-DrugBank.d291.s0.p8
R2	DDI-DrugBank.d291.s0.p9
T6	DDI-DrugBank.d291.s1.e0
T7	DDI-DrugBank.d291.s1.e1
T8	DDI-DrugBank.d291.s1.e2
R3	DDI-DrugBank.d291.s1.p0
R4	DDI-DrugBank.d291.s1.p1
T9	DDI-DrugBank.d291.s3.e0
T10	DDI-DrugBank.d291.s3.e1
T11	DDI-DrugBank.d291.s3.e2
T12	DDI-DrugBank.d291.s3.e3
R5	DDI-DrugBank.d291.s3.p1
R6	DDI-DrugBank.d291.s3.p2
R7	DDI-DrugBank.d291.s3.p3
R8	DDI-DrugBank.d291.s3.p4
T13	DDI-DrugBank.d291.s4.e0
T14	DDI-DrugBank.d291.s6.e0
T15	DDI-DrugBank.d291.s6.e1
R9	DDI-DrugBank.d291.s6.p0
T16	DDI-DrugBank.d291.s7.e0
T17	DDI-DrugBank.d291.s9.e0
T18	DDI-DrugBank.d291.s9.e1
T19	DDI-DrugBank.d291.s9.e2
T20	DDI-DrugBank.d291.s9.e3
T21	DDI-DrugBank.d291.s9.e4
T22	DDI-DrugBank.d291.s9.e5
R10	DDI-DrugBank.d291.s9.p1
R11	DDI-DrugBank.d291.s9.p2
R12	DDI-DrugBank.d291.s9.p5
R13	DDI-DrugBank.d291.s9.p6
T23	DDI-DrugBank.d291.s11.e0
T24	DDI-DrugBank.d291.s11.e1
T25	DDI-DrugBank.d291.s11.e2
T26	DDI-DrugBank.d291.s11.e3
R14	DDI-DrugBank.d291.s11.p1
R15	DDI-DrugBank.d291.s11.p2
R16	DDI-DrugBank.d291.s11.p3
R17	DDI-DrugBank.d291.s11.p4
