T1	DDI-DrugBank.d5.s0.e0
T2	DDI-DrugBank.d5.s0.e1
T3	DDI-DrugBank.d5.s1.e0
T4	DDI-DrugBank.d5.s2.e0
T5	DDI-DrugBank.d5.s2.e1
T6	DDI-DrugBank.d5.s3.e0
T7	DDI-DrugBank.d5.s3.e1
T8	DDI-DrugBank.d5.s3.e2
R1	DDI-DrugBank.d5.s3.p0
R2	DDI-DrugBank.d5.s3.p1
T9	DDI-DrugBank.d5.s4.e0
T10	DDI-DrugBank.d5.s4.e1
T11	DDI-DrugBank.d5.s5.e0
T12	DDI-DrugBank.d5.s5.e1
T13	DDI-DrugBank.d5.s6.e0
T14	DDI-DrugBank.d5.s6.e1
T15	DDI-DrugBank.d5.s6.e2
T16	DDI-DrugBank.d5.s7.e0
T17	DDI-DrugBank.d5.s7.e1
T18	DDI-DrugBank.d5.s8.e0
T19	DDI-DrugBank.d5.s8.e1
T20	DDI-DrugBank.d5.s8.e2
T21	DDI-DrugBank.d5.s8.e3
R3	DDI-DrugBank.d5.s8.p0
R4	DDI-DrugBank.d5.s8.p1
R5	DDI-DrugBank.d5.s8.p2
T22	DDI-DrugBank.d5.s9.e0
T23	DDI-DrugBank.d5.s10.e0
T24	DDI-DrugBank.d5.s12.e0
T25	DDI-DrugBank.d5.s12.e1
T26	DDI-DrugBank.d5.s12.e2
T27	DDI-DrugBank.d5.s12.e3
T28	DDI-DrugBank.d5.s12.e4
T29	DDI-DrugBank.d5.s13.e0
T30	DDI-DrugBank.d5.s13.e1
T31	DDI-DrugBank.d5.s13.e2
T32	DDI-DrugBank.d5.s14.e0
T33	DDI-DrugBank.d5.s14.e1
T34	DDI-DrugBank.d5.s14.e2
R6	DDI-DrugBank.d5.s14.p0
T35	DDI-DrugBank.d5.s15.e0
T36	DDI-DrugBank.d5.s16.e0
T37	DDI-DrugBank.d5.s17.e0
T38	DDI-DrugBank.d5.s17.e1
T39	DDI-DrugBank.d5.s17.e2
T40	DDI-DrugBank.d5.s17.e3
T41	DDI-DrugBank.d5.s17.e4
T42	DDI-DrugBank.d5.s17.e5
T43	DDI-DrugBank.d5.s17.e6
T44	DDI-DrugBank.d5.s17.e7
T45	DDI-DrugBank.d5.s17.e8
T46	DDI-DrugBank.d5.s17.e9
T47	DDI-DrugBank.d5.s17.e10
T48	DDI-DrugBank.d5.s17.e11
T49	DDI-DrugBank.d5.s17.e12
T50	DDI-DrugBank.d5.s17.e13
T51	DDI-DrugBank.d5.s17.e14
T52	DDI-DrugBank.d5.s17.e15
T53	DDI-DrugBank.d5.s17.e16
R7	DDI-DrugBank.d5.s17.p0
R8	DDI-DrugBank.d5.s17.p1
R9	DDI-DrugBank.d5.s17.p2
R10	DDI-DrugBank.d5.s17.p3
R11	DDI-DrugBank.d5.s17.p4
R12	DDI-DrugBank.d5.s17.p5
R13	DDI-DrugBank.d5.s17.p6
R14	DDI-DrugBank.d5.s17.p7
R15	DDI-DrugBank.d5.s17.p8
R16	DDI-DrugBank.d5.s17.p9
R17	DDI-DrugBank.d5.s17.p10
R18	DDI-DrugBank.d5.s17.p11
R19	DDI-DrugBank.d5.s17.p12
R20	DDI-DrugBank.d5.s17.p13
R21	DDI-DrugBank.d5.s17.p14
R22	DDI-DrugBank.d5.s17.p15
T54	DDI-DrugBank.d5.s18.e0
T55	DDI-DrugBank.d5.s19.e0
T56	DDI-DrugBank.d5.s19.e1
T57	DDI-DrugBank.d5.s19.e2
T58	DDI-DrugBank.d5.s19.e3
R23	DDI-DrugBank.d5.s19.p4
T59	DDI-DrugBank.d5.s20.e0
T60	DDI-DrugBank.d5.s20.e1
T61	DDI-DrugBank.d5.s20.e2
T62	DDI-DrugBank.d5.s20.e3
T63	DDI-DrugBank.d5.s20.e4
R24	DDI-DrugBank.d5.s20.p7
R25	DDI-DrugBank.d5.s20.p8
T64	DDI-DrugBank.d5.s21.e0
T65	DDI-DrugBank.d5.s21.e1
T66	DDI-DrugBank.d5.s21.e2
R26	DDI-DrugBank.d5.s21.p0
R27	DDI-DrugBank.d5.s21.p1
T67	DDI-DrugBank.d5.s22.e0
T68	DDI-DrugBank.d5.s22.e1
T69	DDI-DrugBank.d5.s22.e2
T70	DDI-DrugBank.d5.s22.e3
T71	DDI-DrugBank.d5.s22.e4
R28	DDI-DrugBank.d5.s22.p0
R29	DDI-DrugBank.d5.s22.p1
R30	DDI-DrugBank.d5.s22.p2
R31	DDI-DrugBank.d5.s22.p3
T72	DDI-DrugBank.d5.s24.e0
T73	DDI-DrugBank.d5.s25.e0
T74	DDI-DrugBank.d5.s25.e1
T75	DDI-DrugBank.d5.s25.e2
T76	DDI-DrugBank.d5.s25.e3
R32	DDI-DrugBank.d5.s25.p5
T77	DDI-DrugBank.d5.s26.e0
T78	DDI-DrugBank.d5.s26.e1
R33	DDI-DrugBank.d5.s26.p0
