T1	DDI-DrugBank.d46.s0.e0
T2	DDI-DrugBank.d46.s1.e0
T3	DDI-DrugBank.d46.s1.e1
T4	DDI-DrugBank.d46.s1.e2
T5	DDI-DrugBank.d46.s3.e0
T6	DDI-DrugBank.d46.s3.e1
T7	DDI-DrugBank.d46.s3.e2
T8	DDI-DrugBank.d46.s5.e0
T9	DDI-DrugBank.d46.s7.e0
T10	DDI-DrugBank.d46.s7.e1
T11	DDI-DrugBank.d46.s7.e2
T12	DDI-DrugBank.d46.s7.e3
T13	DDI-DrugBank.d46.s7.e4
T14	DDI-DrugBank.d46.s7.e5
T15	DDI-DrugBank.d46.s7.e6
T16	DDI-DrugBank.d46.s7.e7
R1	DDI-DrugBank.d46.s7.p20
R2	DDI-DrugBank.d46.s7.p23
T17	DDI-DrugBank.d46.s9.e0
T18	DDI-DrugBank.d46.s9.e1
T19	DDI-DrugBank.d46.s11.e0
T20	DDI-DrugBank.d46.s13.e0
T21	DDI-DrugBank.d46.s13.e1
T22	DDI-DrugBank.d46.s13.e2
T23	DDI-DrugBank.d46.s15.e0
T24	DDI-DrugBank.d46.s15.e1
R3	DDI-DrugBank.d46.s15.p0
T25	DDI-DrugBank.d46.s16.e0
T26	DDI-DrugBank.d46.s16.e1
T27	DDI-DrugBank.d46.s16.e2
R4	DDI-DrugBank.d46.s16.p0
R5	DDI-DrugBank.d46.s16.p1
T28	DDI-DrugBank.d46.s17.e0
T29	DDI-DrugBank.d46.s17.e1
R6	DDI-DrugBank.d46.s17.p0
T30	DDI-DrugBank.d46.s19.e0
T31	DDI-DrugBank.d46.s19.e1
T32	DDI-DrugBank.d46.s19.e2
T33	DDI-DrugBank.d46.s19.e3
T34	DDI-DrugBank.d46.s19.e4
R7	DDI-DrugBank.d46.s19.p4
R8	DDI-DrugBank.d46.s19.p5
R9	DDI-DrugBank.d46.s19.p6
T35	DDI-DrugBank.d46.s20.e0
T36	DDI-DrugBank.d46.s20.e1
T37	DDI-DrugBank.d46.s20.e2
R10	DDI-DrugBank.d46.s20.p0
T38	DDI-DrugBank.d46.s22.e0
