T1	DDI-DrugBank.d245.s0.e0
T2	DDI-DrugBank.d245.s0.e1
T3	DDI-DrugBank.d245.s0.e2
T4	DDI-DrugBank.d245.s0.e3
T5	DDI-DrugBank.d245.s0.e4
T6	DDI-DrugBank.d245.s0.e5
T7	DDI-DrugBank.d245.s0.e6
T8	DDI-DrugBank.d245.s0.e7
T9	DDI-DrugBank.d245.s0.e8
R1	DDI-DrugBank.d245.s0.p0
R2	DDI-DrugBank.d245.s0.p1
R3	DDI-DrugBank.d245.s0.p2
R4	DDI-DrugBank.d245.s0.p3
R5	DDI-DrugBank.d245.s0.p4
R6	DDI-DrugBank.d245.s0.p5
R7	DDI-DrugBank.d245.s0.p6
R8	DDI-DrugBank.d245.s0.p7
T10	DDI-DrugBank.d245.s1.e0
T11	DDI-DrugBank.d245.s2.e0
T12	DDI-DrugBank.d245.s4.e0
T13	DDI-DrugBank.d245.s4.e1
T14	DDI-DrugBank.d245.s4.e2
T15	DDI-DrugBank.d245.s4.e3
T16	DDI-DrugBank.d245.s4.e4
T17	DDI-DrugBank.d245.s4.e5
T18	DDI-DrugBank.d245.s4.e6
T19	DDI-DrugBank.d245.s4.e7
T20	DDI-DrugBank.d245.s4.e8
T21	DDI-DrugBank.d245.s4.e9
T22	DDI-DrugBank.d245.s4.e10
T23	DDI-DrugBank.d245.s5.e0
T24	DDI-DrugBank.d245.s6.e0
T25	DDI-DrugBank.d245.s7.e0
T26	DDI-DrugBank.d245.s7.e1
T27	DDI-DrugBank.d245.s7.e2
R9	DDI-DrugBank.d245.s7.p0
T28	DDI-DrugBank.d245.s8.e0
T29	DDI-DrugBank.d245.s8.e1
T30	DDI-DrugBank.d245.s9.e0
T31	DDI-DrugBank.d245.s9.e1
R10	DDI-DrugBank.d245.s9.p0
T32	DDI-DrugBank.d245.s10.e0
