T1	DDI-DrugBank.d562.s0.e0
T2	DDI-DrugBank.d562.s0.e1
R1	DDI-DrugBank.d562.s0.p0
T3	DDI-DrugBank.d562.s1.e0
T4	DDI-DrugBank.d562.s1.e1
T5	DDI-DrugBank.d562.s1.e2
R2	DDI-DrugBank.d562.s1.p2
T6	DDI-DrugBank.d562.s2.e0
T7	DDI-DrugBank.d562.s2.e1
T8	DDI-DrugBank.d562.s3.e0
T9	DDI-DrugBank.d562.s3.e1
R3	DDI-DrugBank.d562.s3.p0
T10	DDI-DrugBank.d562.s4.e0
T11	DDI-DrugBank.d562.s5.e0
T12	DDI-DrugBank.d562.s5.e1
T13	DDI-DrugBank.d562.s5.e2
R4	DDI-DrugBank.d562.s5.p2
T14	DDI-DrugBank.d562.s6.e0
T15	DDI-DrugBank.d562.s6.e1
T16	DDI-DrugBank.d562.s6.e2
R5	DDI-DrugBank.d562.s6.p1
R6	DDI-DrugBank.d562.s6.p2
T17	DDI-DrugBank.d562.s7.e0
T18	DDI-DrugBank.d562.s7.e1
T19	DDI-DrugBank.d562.s7.e2
T20	DDI-DrugBank.d562.s7.e3
T21	DDI-DrugBank.d562.s7.e4
T22	DDI-DrugBank.d562.s7.e5
R7	DDI-DrugBank.d562.s7.p0
R8	DDI-DrugBank.d562.s7.p2
R9	DDI-DrugBank.d562.s7.p3
R10	DDI-DrugBank.d562.s7.p4
T23	DDI-DrugBank.d562.s8.e0
T24	DDI-DrugBank.d562.s8.e1
T25	DDI-DrugBank.d562.s8.e2
T26	DDI-DrugBank.d562.s8.e3
R11	DDI-DrugBank.d562.s8.p1
R12	DDI-DrugBank.d562.s8.p2
R13	DDI-DrugBank.d562.s8.p3
R14	DDI-DrugBank.d562.s8.p4
T27	DDI-DrugBank.d562.s10.e0
T28	DDI-DrugBank.d562.s10.e1
T29	DDI-DrugBank.d562.s10.e2
R15	DDI-DrugBank.d562.s10.p0
R16	DDI-DrugBank.d562.s10.p1
T30	DDI-DrugBank.d562.s12.e0
T31	DDI-DrugBank.d562.s13.e0
T32	DDI-DrugBank.d562.s13.e1
R17	DDI-DrugBank.d562.s13.p0
T33	DDI-DrugBank.d562.s14.e0
T34	DDI-DrugBank.d562.s14.e1
T35	DDI-DrugBank.d562.s14.e2
R18	DDI-DrugBank.d562.s14.p2
