T1	DDI-DrugBank.d60.s0.e0
T2	DDI-DrugBank.d60.s0.e1
R1	DDI-DrugBank.d60.s0.p0
T3	DDI-DrugBank.d60.s1.e0
T4	DDI-DrugBank.d60.s1.e1
R2	DDI-DrugBank.d60.s1.p0
T5	DDI-DrugBank.d60.s2.e0
T6	DDI-DrugBank.d60.s2.e1
T7	DDI-DrugBank.d60.s3.e0
T8	DDI-DrugBank.d60.s3.e1
T9	DDI-DrugBank.d60.s3.e2
T10	DDI-DrugBank.d60.s3.e3
R3	DDI-DrugBank.d60.s3.p3
T11	DDI-DrugBank.d60.s4.e0
T12	DDI-DrugBank.d60.s4.e1
T13	DDI-DrugBank.d60.s4.e2
T14	DDI-DrugBank.d60.s5.e0
T15	DDI-DrugBank.d60.s5.e1
T16	DDI-DrugBank.d60.s5.e2
T17	DDI-DrugBank.d60.s5.e3
T18	DDI-DrugBank.d60.s6.e0
T19	DDI-DrugBank.d60.s6.e1
T20	DDI-DrugBank.d60.s6.e2
T21	DDI-DrugBank.d60.s6.e3
T22	DDI-DrugBank.d60.s6.e4
T23	DDI-DrugBank.d60.s6.e5
R4	DDI-DrugBank.d60.s6.p3
R5	DDI-DrugBank.d60.s6.p4
R6	DDI-DrugBank.d60.s6.p7
R7	DDI-DrugBank.d60.s6.p8
R8	DDI-DrugBank.d60.s6.p10
R9	DDI-DrugBank.d60.s6.p11
T24	DDI-DrugBank.d60.s8.e0
T25	DDI-DrugBank.d60.s8.e1
T26	DDI-DrugBank.d60.s8.e2
T27	DDI-DrugBank.d60.s8.e3
T28	DDI-DrugBank.d60.s9.e0
T29	DDI-DrugBank.d60.s9.e1
T30	DDI-DrugBank.d60.s9.e2
R10	DDI-DrugBank.d60.s9.p1
R11	DDI-DrugBank.d60.s9.p2
T31	DDI-DrugBank.d60.s11.e0
T32	DDI-DrugBank.d60.s11.e1
T33	DDI-DrugBank.d60.s12.e0
T34	DDI-DrugBank.d60.s12.e1
T35	DDI-DrugBank.d60.s12.e2
T36	DDI-DrugBank.d60.s12.e3
T37	DDI-DrugBank.d60.s12.e4
T38	DDI-DrugBank.d60.s12.e5
T39	DDI-DrugBank.d60.s12.e6
T40	DDI-DrugBank.d60.s12.e7
T41	DDI-DrugBank.d60.s12.e8
T42	DDI-DrugBank.d60.s12.e9
T43	DDI-DrugBank.d60.s12.e10
T44	DDI-DrugBank.d60.s12.e11
T45	DDI-DrugBank.d60.s12.e12
T46	DDI-DrugBank.d60.s12.e13
T47	DDI-DrugBank.d60.s12.e14
T48	DDI-DrugBank.d60.s12.e15
R12	DDI-DrugBank.d60.s12.p0
R13	DDI-DrugBank.d60.s12.p1
R14	DDI-DrugBank.d60.s12.p2
R15	DDI-DrugBank.d60.s12.p3
R16	DDI-DrugBank.d60.s12.p4
R17	DDI-DrugBank.d60.s12.p5
R18	DDI-DrugBank.d60.s12.p6
R19	DDI-DrugBank.d60.s12.p7
R20	DDI-DrugBank.d60.s12.p8
R21	DDI-DrugBank.d60.s12.p9
R22	DDI-DrugBank.d60.s12.p10
R23	DDI-DrugBank.d60.s12.p11
R24	DDI-DrugBank.d60.s12.p12
R25	DDI-DrugBank.d60.s12.p13
R26	DDI-DrugBank.d60.s12.p14
R27	DDI-DrugBank.d60.s12.p15
R28	DDI-DrugBank.d60.s12.p16
R29	DDI-DrugBank.d60.s12.p17
R30	DDI-DrugBank.d60.s12.p18
R31	DDI-DrugBank.d60.s12.p19
R32	DDI-DrugBank.d60.s12.p20
R33	DDI-DrugBank.d60.s12.p21
R34	DDI-DrugBank.d60.s12.p22
R35	DDI-DrugBank.d60.s12.p23
R36	DDI-DrugBank.d60.s12.p24
R37	DDI-DrugBank.d60.s12.p25
R38	DDI-DrugBank.d60.s12.p26
R39	DDI-DrugBank.d60.s12.p27
R40	DDI-DrugBank.d60.s12.p28
T49	DDI-DrugBank.d60.s13.e0
T50	DDI-DrugBank.d60.s13.e1
T51	DDI-DrugBank.d60.s13.e2
R41	DDI-DrugBank.d60.s13.p0
R42	DDI-DrugBank.d60.s13.p1
T52	DDI-DrugBank.d60.s14.e0
T53	DDI-DrugBank.d60.s14.e1
T54	DDI-DrugBank.d60.s14.e2
R43	DDI-DrugBank.d60.s14.p1
R44	DDI-DrugBank.d60.s14.p2
