T1	DDI-DrugBank.d267.s0.e0
T2	DDI-DrugBank.d267.s0.e1
T3	DDI-DrugBank.d267.s1.e0
T4	DDI-DrugBank.d267.s1.e1
T5	DDI-DrugBank.d267.s1.e2
T6	DDI-DrugBank.d267.s2.e0
T7	DDI-DrugBank.d267.s2.e1
T8	DDI-DrugBank.d267.s3.e0
T9	DDI-DrugBank.d267.s3.e1
T10	DDI-DrugBank.d267.s3.e2
T11	DDI-DrugBank.d267.s3.e3
R1	DDI-DrugBank.d267.s3.p2
R2	DDI-DrugBank.d267.s3.p4
R3	DDI-DrugBank.d267.s3.p5
T12	DDI-DrugBank.d267.s5.e0
T13	DDI-DrugBank.d267.s5.e1
T14	DDI-DrugBank.d267.s5.e2
T15	DDI-DrugBank.d267.s5.e3
T16	DDI-DrugBank.d267.s5.e4
T17	DDI-DrugBank.d267.s5.e5
T18	DDI-DrugBank.d267.s5.e6
T19	DDI-DrugBank.d267.s5.e7
T20	DDI-DrugBank.d267.s5.e8
T21	DDI-DrugBank.d267.s5.e9
T22	DDI-DrugBank.d267.s5.e10
T23	DDI-DrugBank.d267.s5.e11
T24	DDI-DrugBank.d267.s5.e12
T25	DDI-DrugBank.d267.s5.e13
T26	DDI-DrugBank.d267.s5.e14
R4	DDI-DrugBank.d267.s5.p0
R5	DDI-DrugBank.d267.s5.p1
R6	DDI-DrugBank.d267.s5.p2
R7	DDI-DrugBank.d267.s5.p3
R8	DDI-DrugBank.d267.s5.p4
R9	DDI-DrugBank.d267.s5.p5
R10	DDI-DrugBank.d267.s5.p6
R11	DDI-DrugBank.d267.s5.p7
R12	DDI-DrugBank.d267.s5.p8
R13	DDI-DrugBank.d267.s5.p9
R14	DDI-DrugBank.d267.s5.p10
R15	DDI-DrugBank.d267.s5.p11
R16	DDI-DrugBank.d267.s5.p12
R17	DDI-DrugBank.d267.s5.p13
T27	DDI-DrugBank.d267.s6.e0
T28	DDI-DrugBank.d267.s6.e1
T29	DDI-DrugBank.d267.s6.e2
T30	DDI-DrugBank.d267.s6.e3
R18	DDI-DrugBank.d267.s6.p1
R19	DDI-DrugBank.d267.s6.p2
R20	DDI-DrugBank.d267.s6.p3
R21	DDI-DrugBank.d267.s6.p4
