T1	DDI-DrugBank.d20.s0.e0
T2	DDI-DrugBank.d20.s1.e0
T3	DDI-DrugBank.d20.s1.e1
T4	DDI-DrugBank.d20.s1.e2
T5	DDI-DrugBank.d20.s1.e3
R1	DDI-DrugBank.d20.s1.p0
T6	DDI-DrugBank.d20.s2.e0
T7	DDI-DrugBank.d20.s3.e0
T8	DDI-DrugBank.d20.s3.e1
T9	DDI-DrugBank.d20.s3.e2
T10	DDI-DrugBank.d20.s3.e3
T11	DDI-DrugBank.d20.s3.e4
T12	DDI-DrugBank.d20.s3.e5
R2	DDI-DrugBank.d20.s3.p0
R3	DDI-DrugBank.d20.s3.p1
R4	DDI-DrugBank.d20.s3.p2
R5	DDI-DrugBank.d20.s3.p3
T13	DDI-DrugBank.d20.s4.e0
T14	DDI-DrugBank.d20.s4.e1
T15	DDI-DrugBank.d20.s4.e2
T16	DDI-DrugBank.d20.s4.e3
T17	DDI-DrugBank.d20.s4.e4
T18	DDI-DrugBank.d20.s4.e5
T19	DDI-DrugBank.d20.s4.e6
T20	DDI-DrugBank.d20.s5.e0
T21	DDI-DrugBank.d20.s5.e1
T22	DDI-DrugBank.d20.s6.e0
T23	DDI-DrugBank.d20.s6.e1
T24	DDI-DrugBank.d20.s6.e2
T25	DDI-DrugBank.d20.s6.e3
T26	DDI-DrugBank.d20.s6.e4
R6	DDI-DrugBank.d20.s6.p7
R7	DDI-DrugBank.d20.s6.p8
T27	DDI-DrugBank.d20.s7.e0
T28	DDI-DrugBank.d20.s7.e1
T29	DDI-DrugBank.d20.s7.e2
T30	DDI-DrugBank.d20.s7.e3
R8	DDI-DrugBank.d20.s7.p1
T31	DDI-DrugBank.d20.s8.e0
T32	DDI-DrugBank.d20.s8.e1
T33	DDI-DrugBank.d20.s8.e2
T34	DDI-DrugBank.d20.s9.e0
T35	DDI-DrugBank.d20.s9.e1
T36	DDI-DrugBank.d20.s9.e2
R9	DDI-DrugBank.d20.s9.p2
T37	DDI-DrugBank.d20.s10.e0
T38	DDI-DrugBank.d20.s10.e1
T39	DDI-DrugBank.d20.s10.e2
T40	DDI-DrugBank.d20.s10.e3
T41	DDI-DrugBank.d20.s11.e0
T42	DDI-DrugBank.d20.s11.e1
R10	DDI-DrugBank.d20.s11.p0
T43	DDI-DrugBank.d20.s12.e0
T44	DDI-DrugBank.d20.s12.e1
R11	DDI-DrugBank.d20.s12.p0
