T1	DDI-DrugBank.d456.s0.e0
T2	DDI-DrugBank.d456.s0.e1
R1	DDI-DrugBank.d456.s0.p0
T3	DDI-DrugBank.d456.s1.e0
T4	DDI-DrugBank.d456.s1.e1
T5	DDI-DrugBank.d456.s1.e2
T6	DDI-DrugBank.d456.s1.e3
T7	DDI-DrugBank.d456.s1.e4
T8	DDI-DrugBank.d456.s1.e5
T9	DDI-DrugBank.d456.s1.e6
T10	DDI-DrugBank.d456.s1.e7
T11	DDI-DrugBank.d456.s1.e8
T12	DDI-DrugBank.d456.s1.e9
T13	DDI-DrugBank.d456.s1.e10
T14	DDI-DrugBank.d456.s1.e11
T15	DDI-DrugBank.d456.s1.e12
T16	DDI-DrugBank.d456.s1.e13
R2	DDI-DrugBank.d456.s1.p0
R3	DDI-DrugBank.d456.s1.p1
R4	DDI-DrugBank.d456.s1.p2
R5	DDI-DrugBank.d456.s1.p3
R6	DDI-DrugBank.d456.s1.p4
R7	DDI-DrugBank.d456.s1.p5
R8	DDI-DrugBank.d456.s1.p6
R9	DDI-DrugBank.d456.s1.p7
R10	DDI-DrugBank.d456.s1.p8
R11	DDI-DrugBank.d456.s1.p9
R12	DDI-DrugBank.d456.s1.p10
R13	DDI-DrugBank.d456.s1.p11
R14	DDI-DrugBank.d456.s1.p12
T17	DDI-DrugBank.d456.s2.e0
T18	DDI-DrugBank.d456.s2.e1
R15	DDI-DrugBank.d456.s2.p0
T19	DDI-DrugBank.d456.s4.e0
T20	DDI-DrugBank.d456.s5.e0
T21	DDI-DrugBank.d456.s5.e1
R16	DDI-DrugBank.d456.s5.p0
T22	DDI-DrugBank.d456.s6.e0
T23	DDI-DrugBank.d456.s6.e1
T24	DDI-DrugBank.d456.s6.e2
T25	DDI-DrugBank.d456.s6.e3
T26	DDI-DrugBank.d456.s6.e4
T27	DDI-DrugBank.d456.s7.e0
T28	DDI-DrugBank.d456.s9.e0
T29	DDI-DrugBank.d456.s10.e0
T30	DDI-DrugBank.d456.s11.e0
T31	DDI-DrugBank.d456.s12.e0
T32	DDI-DrugBank.d456.s13.e0
T33	DDI-DrugBank.d456.s13.e1
