T1	DDI-DrugBank.d87.s1.e0
T2	DDI-DrugBank.d87.s1.e1
T3	DDI-DrugBank.d87.s1.e2
T4	DDI-DrugBank.d87.s2.e0
T5	DDI-DrugBank.d87.s2.e1
T6	DDI-DrugBank.d87.s2.e2
R1	DDI-DrugBank.d87.s2.p0
T7	DDI-DrugBank.d87.s3.e0
T8	DDI-DrugBank.d87.s3.e1
T9	DDI-DrugBank.d87.s3.e2
T10	DDI-DrugBank.d87.s3.e3
R2	DDI-DrugBank.d87.s3.p0
T11	DDI-DrugBank.d87.s4.e0
T12	DDI-DrugBank.d87.s4.e1
T13	DDI-DrugBank.d87.s6.e0
T14	DDI-DrugBank.d87.s6.e1
R3	DDI-DrugBank.d87.s6.p0
T15	DDI-DrugBank.d87.s7.e0
T16	DDI-DrugBank.d87.s7.e1
T17	DDI-DrugBank.d87.s8.e0
T18	DDI-DrugBank.d87.s8.e1
R4	DDI-DrugBank.d87.s8.p0
T19	DDI-DrugBank.d87.s9.e0
T20	DDI-DrugBank.d87.s10.e0
T21	DDI-DrugBank.d87.s11.e0
T22	DDI-DrugBank.d87.s12.e0
T23	DDI-DrugBank.d87.s12.e1
T24	DDI-DrugBank.d87.s13.e0
T25	DDI-DrugBank.d87.s13.e1
T26	DDI-DrugBank.d87.s13.e2
T27	DDI-DrugBank.d87.s13.e3
R5	DDI-DrugBank.d87.s13.p2
R6	DDI-DrugBank.d87.s13.p4
R7	DDI-DrugBank.d87.s13.p5
T28	DDI-DrugBank.d87.s14.e0
T29	DDI-DrugBank.d87.s14.e1
R8	DDI-DrugBank.d87.s14.p0
T30	DDI-DrugBank.d87.s15.e0
T31	DDI-DrugBank.d87.s15.e1
T32	DDI-DrugBank.d87.s15.e2
T33	DDI-DrugBank.d87.s15.e3
R9	DDI-DrugBank.d87.s15.p0
T34	DDI-DrugBank.d87.s16.e0
T35	DDI-DrugBank.d87.s16.e1
T36	DDI-DrugBank.d87.s16.e2
R10	DDI-DrugBank.d87.s16.p0
T37	DDI-DrugBank.d87.s18.e0
T38	DDI-DrugBank.d87.s18.e1
T39	DDI-DrugBank.d87.s18.e2
T40	DDI-DrugBank.d87.s19.e0
T41	DDI-DrugBank.d87.s19.e1
T42	DDI-DrugBank.d87.s19.e2
T43	DDI-DrugBank.d87.s19.e3
R11	DDI-DrugBank.d87.s19.p4
R12	DDI-DrugBank.d87.s19.p5
T44	DDI-DrugBank.d87.s20.e0
T45	DDI-DrugBank.d87.s20.e1
T46	DDI-DrugBank.d87.s20.e2
