T1	DDI-DrugBank.d234.s0.e0
T2	DDI-DrugBank.d234.s0.e1
T3	DDI-DrugBank.d234.s1.e0
T4	DDI-DrugBank.d234.s1.e1
T5	DDI-DrugBank.d234.s1.e2
T6	DDI-DrugBank.d234.s1.e3
T7	DDI-DrugBank.d234.s2.e0
T8	DDI-DrugBank.d234.s2.e1
T9	DDI-DrugBank.d234.s2.e2
T10	DDI-DrugBank.d234.s2.e3
R1	DDI-DrugBank.d234.s2.p0
T11	DDI-DrugBank.d234.s3.e0
T12	DDI-DrugBank.d234.s4.e0
T13	DDI-DrugBank.d234.s4.e1
R2	DDI-DrugBank.d234.s4.p0
T14	DDI-DrugBank.d234.s5.e0
T15	DDI-DrugBank.d234.s5.e1
R3	DDI-DrugBank.d234.s5.p0
T16	DDI-DrugBank.d234.s6.e0
T17	DDI-DrugBank.d234.s6.e1
R4	DDI-DrugBank.d234.s6.p0
T18	DDI-DrugBank.d234.s7.e0
T19	DDI-DrugBank.d234.s7.e1
T20	DDI-DrugBank.d234.s8.e0
T21	DDI-DrugBank.d234.s8.e1
T22	DDI-DrugBank.d234.s9.e0
T23	DDI-DrugBank.d234.s9.e1
T24	DDI-DrugBank.d234.s10.e0
T25	DDI-DrugBank.d234.s11.e0
T26	DDI-DrugBank.d234.s11.e1
T27	DDI-DrugBank.d234.s11.e2
T28	DDI-DrugBank.d234.s11.e3
T29	DDI-DrugBank.d234.s12.e0
T30	DDI-DrugBank.d234.s12.e1
T31	DDI-DrugBank.d234.s12.e2
T32	DDI-DrugBank.d234.s12.e3
T33	DDI-DrugBank.d234.s12.e4
