T1	DDI-DrugBank.d225.s0.e0
T2	DDI-DrugBank.d225.s0.e1
T3	DDI-DrugBank.d225.s0.e2
T4	DDI-DrugBank.d225.s0.e3
T5	DDI-DrugBank.d225.s0.e4
T6	DDI-DrugBank.d225.s0.e5
T7	DDI-DrugBank.d225.s0.e6
T8	DDI-DrugBank.d225.s0.e7
T9	DDI-DrugBank.d225.s0.e8
T10	DDI-DrugBank.d225.s0.e9
R1	DDI-DrugBank.d225.s0.p0
R2	DDI-DrugBank.d225.s0.p1
R3	DDI-DrugBank.d225.s0.p2
R4	DDI-DrugBank.d225.s0.p3
R5	DDI-DrugBank.d225.s0.p4
R6	DDI-DrugBank.d225.s0.p5
R7	DDI-DrugBank.d225.s0.p6
R8	DDI-DrugBank.d225.s0.p7
R9	DDI-DrugBank.d225.s0.p8
T11	DDI-DrugBank.d225.s1.e0
T12	DDI-DrugBank.d225.s2.e0
T13	DDI-DrugBank.d225.s3.e0
T14	DDI-DrugBank.d225.s3.e1
T15	DDI-DrugBank.d225.s3.e2
T16	DDI-DrugBank.d225.s3.e3
T17	DDI-DrugBank.d225.s4.e0
T18	DDI-DrugBank.d225.s6.e0
T19	DDI-DrugBank.d225.s6.e1
T20	DDI-DrugBank.d225.s6.e2
T21	DDI-DrugBank.d225.s6.e3
T22	DDI-DrugBank.d225.s6.e4
T23	DDI-DrugBank.d225.s6.e5
T24	DDI-DrugBank.d225.s6.e6
T25	DDI-DrugBank.d225.s6.e7
T26	DDI-DrugBank.d225.s6.e8
T27	DDI-DrugBank.d225.s6.e9
T28	DDI-DrugBank.d225.s6.e10
T29	DDI-DrugBank.d225.s6.e11
T30	DDI-DrugBank.d225.s7.e0
T31	DDI-DrugBank.d225.s8.e0
T32	DDI-DrugBank.d225.s9.e0
T33	DDI-DrugBank.d225.s9.e1
R10	DDI-DrugBank.d225.s9.p0
T34	DDI-DrugBank.d225.s10.e0
T35	DDI-DrugBank.d225.s11.e0
T36	DDI-DrugBank.d225.s11.e1
R11	DDI-DrugBank.d225.s11.p0
T37	DDI-DrugBank.d225.s12.e0
T38	DDI-DrugBank.d225.s12.e1
T39	DDI-DrugBank.d225.s13.e0
T40	DDI-DrugBank.d225.s13.e1
R12	DDI-DrugBank.d225.s13.p0
