T1	DDI-DrugBank.d78.s0.e0
T2	DDI-DrugBank.d78.s0.e1
T3	DDI-DrugBank.d78.s0.e2
T4	DDI-DrugBank.d78.s0.e3
T5	DDI-DrugBank.d78.s1.e0
T6	DDI-DrugBank.d78.s1.e1
T7	DDI-DrugBank.d78.s1.e2
T8	DDI-DrugBank.d78.s1.e3
T9	DDI-DrugBank.d78.s1.e4
T10	DDI-DrugBank.d78.s1.e5
T11	DDI-DrugBank.d78.s1.e6
T12	DDI-DrugBank.d78.s1.e7
T13	DDI-DrugBank.d78.s1.e8
T14	DDI-DrugBank.d78.s1.e9
T15	DDI-DrugBank.d78.s1.e10
T16	DDI-DrugBank.d78.s1.e11
T17	DDI-DrugBank.d78.s1.e12
R1	DDI-DrugBank.d78.s1.p1
R2	DDI-DrugBank.d78.s1.p2
R3	DDI-DrugBank.d78.s1.p3
R4	DDI-DrugBank.d78.s1.p4
R5	DDI-DrugBank.d78.s1.p5
R6	DDI-DrugBank.d78.s1.p6
R7	DDI-DrugBank.d78.s1.p7
R8	DDI-DrugBank.d78.s1.p8
R9	DDI-DrugBank.d78.s1.p9
R10	DDI-DrugBank.d78.s1.p10
T18	DDI-DrugBank.d78.s2.e0
T19	DDI-DrugBank.d78.s3.e0
T20	DDI-DrugBank.d78.s3.e1
T21	DDI-DrugBank.d78.s3.e2
T22	DDI-DrugBank.d78.s3.e3
T23	DDI-DrugBank.d78.s3.e4
T24	DDI-DrugBank.d78.s3.e5
R11	DDI-DrugBank.d78.s3.p10
R12	DDI-DrugBank.d78.s3.p11
R13	DDI-DrugBank.d78.s3.p12
R14	DDI-DrugBank.d78.s3.p13
T25	DDI-DrugBank.d78.s5.e0
T26	DDI-DrugBank.d78.s5.e1
T27	DDI-DrugBank.d78.s6.e0
T28	DDI-DrugBank.d78.s6.e1
T29	DDI-DrugBank.d78.s6.e2
R15	DDI-DrugBank.d78.s6.p2
T30	DDI-DrugBank.d78.s7.e0
T31	DDI-DrugBank.d78.s7.e1
T32	DDI-DrugBank.d78.s7.e2
R16	DDI-DrugBank.d78.s7.p2
T33	DDI-DrugBank.d78.s8.e0
T34	DDI-DrugBank.d78.s8.e1
T35	DDI-DrugBank.d78.s8.e2
T36	DDI-DrugBank.d78.s8.e3
T37	DDI-DrugBank.d78.s8.e4
R17	DDI-DrugBank.d78.s8.p7
T38	DDI-DrugBank.d78.s9.e0
T39	DDI-DrugBank.d78.s9.e1
T40	DDI-DrugBank.d78.s9.e2
T41	DDI-DrugBank.d78.s10.e0
T42	DDI-DrugBank.d78.s10.e1
T43	DDI-DrugBank.d78.s10.e2
T44	DDI-DrugBank.d78.s10.e3
R18	DDI-DrugBank.d78.s10.p0
R19	DDI-DrugBank.d78.s10.p5
T45	DDI-DrugBank.d78.s11.e0
T46	DDI-DrugBank.d78.s11.e1
T47	DDI-DrugBank.d78.s11.e2
T48	DDI-DrugBank.d78.s11.e3
R20	DDI-DrugBank.d78.s11.p5
T49	DDI-DrugBank.d78.s12.e0
T50	DDI-DrugBank.d78.s13.e0
T51	DDI-DrugBank.d78.s13.e1
T52	DDI-DrugBank.d78.s14.e0
T53	DDI-DrugBank.d78.s14.e1
R21	DDI-DrugBank.d78.s14.p0
T54	DDI-DrugBank.d78.s16.e0
T55	DDI-DrugBank.d78.s16.e1
T56	DDI-DrugBank.d78.s16.e2
T57	DDI-DrugBank.d78.s16.e3
T58	DDI-DrugBank.d78.s16.e4
T59	DDI-DrugBank.d78.s17.e0
T60	DDI-DrugBank.d78.s18.e0
T61	DDI-DrugBank.d78.s19.e0
T62	DDI-DrugBank.d78.s19.e1
T63	DDI-DrugBank.d78.s19.e2
T64	DDI-DrugBank.d78.s19.e3
R22	DDI-DrugBank.d78.s19.p5
T65	DDI-DrugBank.d78.s20.e0
T66	DDI-DrugBank.d78.s20.e1
T67	DDI-DrugBank.d78.s20.e2
R23	DDI-DrugBank.d78.s20.p2
