T1	DDI-DrugBank.d17.s0.e0
T2	DDI-DrugBank.d17.s1.e0
T3	DDI-DrugBank.d17.s3.e0
T4	DDI-DrugBank.d17.s4.e0
T5	DDI-DrugBank.d17.s5.e0
T6	DDI-DrugBank.d17.s6.e0
T7	DDI-DrugBank.d17.s6.e1
T8	DDI-DrugBank.d17.s6.e2
T9	DDI-DrugBank.d17.s6.e3
T10	DDI-DrugBank.d17.s7.e0
T11	DDI-DrugBank.d17.s9.e0
T12	DDI-DrugBank.d17.s9.e1
T13	DDI-DrugBank.d17.s9.e2
T14	DDI-DrugBank.d17.s9.e3
T15	DDI-DrugBank.d17.s10.e0
T16	DDI-DrugBank.d17.s11.e0
T17	DDI-DrugBank.d17.s12.e0
T18	DDI-DrugBank.d17.s12.e1
R1	DDI-DrugBank.d17.s12.p0
T19	DDI-DrugBank.d17.s13.e0
T20	DDI-DrugBank.d17.s14.e0
T21	DDI-DrugBank.d17.s15.e0
T22	DDI-DrugBank.d17.s16.e0
T23	DDI-DrugBank.d17.s17.e0
T24	DDI-DrugBank.d17.s18.e0
T25	DDI-DrugBank.d17.s18.e1
R2	DDI-DrugBank.d17.s18.p0
T26	DDI-DrugBank.d17.s19.e0
T27	DDI-DrugBank.d17.s20.e0
T28	DDI-DrugBank.d17.s21.e0
T29	DDI-DrugBank.d17.s21.e1
T30	DDI-DrugBank.d17.s22.e0
T31	DDI-DrugBank.d17.s23.e0
T32	DDI-DrugBank.d17.s24.e0
T33	DDI-DrugBank.d17.s25.e0
T34	DDI-DrugBank.d17.s25.e1
T35	DDI-DrugBank.d17.s25.e2
T36	DDI-DrugBank.d17.s25.e3
R3	DDI-DrugBank.d17.s25.p0
R4	DDI-DrugBank.d17.s25.p1
R5	DDI-DrugBank.d17.s25.p2
T37	DDI-DrugBank.d17.s26.e0
T38	DDI-DrugBank.d17.s26.e1
T39	DDI-DrugBank.d17.s26.e2
R6	DDI-DrugBank.d17.s26.p0
T40	DDI-DrugBank.d17.s27.e0
T41	DDI-DrugBank.d17.s28.e0
T42	DDI-DrugBank.d17.s28.e1
R7	DDI-DrugBank.d17.s28.p0
T43	DDI-DrugBank.d17.s30.e0
T44	DDI-DrugBank.d17.s31.e0
T45	DDI-DrugBank.d17.s31.e1
R8	DDI-DrugBank.d17.s31.p0
T46	DDI-DrugBank.d17.s32.e0
T47	DDI-DrugBank.d17.s33.e0
