T1	DDI-DrugBank.d415.s0.e0
T2	DDI-DrugBank.d415.s0.e1
T3	DDI-DrugBank.d415.s0.e2
T4	DDI-DrugBank.d415.s1.e0
T5	DDI-DrugBank.d415.s1.e1
T6	DDI-DrugBank.d415.s1.e2
T7	DDI-DrugBank.d415.s1.e3
T8	DDI-DrugBank.d415.s1.e4
R1	DDI-DrugBank.d415.s1.p1
R2	DDI-DrugBank.d415.s1.p4
R3	DDI-DrugBank.d415.s1.p9
T9	DDI-DrugBank.d415.s2.e0
T10	DDI-DrugBank.d415.s2.e1
T11	DDI-DrugBank.d415.s2.e2
T12	DDI-DrugBank.d415.s2.e3
R4	DDI-DrugBank.d415.s2.p3
R5	DDI-DrugBank.d415.s2.p4
T13	DDI-DrugBank.d415.s3.e0
T14	DDI-DrugBank.d415.s3.e1
T15	DDI-DrugBank.d415.s5.e0
T16	DDI-DrugBank.d415.s5.e1
T17	DDI-DrugBank.d415.s5.e2
T18	DDI-DrugBank.d415.s5.e3
R6	DDI-DrugBank.d415.s5.p4
R7	DDI-DrugBank.d415.s5.p5
T19	DDI-DrugBank.d415.s6.e0
T20	DDI-DrugBank.d415.s6.e1
R8	DDI-DrugBank.d415.s6.p0
T21	DDI-DrugBank.d415.s7.e0
T22	DDI-DrugBank.d415.s7.e1
R9	DDI-DrugBank.d415.s7.p0
T23	DDI-DrugBank.d415.s8.e0
T24	DDI-DrugBank.d415.s8.e1
T25	DDI-DrugBank.d415.s8.e2
T26	DDI-DrugBank.d415.s8.e3
T27	DDI-DrugBank.d415.s9.e0
T28	DDI-DrugBank.d415.s9.e1
T29	DDI-DrugBank.d415.s9.e2
T30	DDI-DrugBank.d415.s9.e3
R10	DDI-DrugBank.d415.s9.p3
R11	DDI-DrugBank.d415.s9.p4
T31	DDI-DrugBank.d415.s11.e0
T32	DDI-DrugBank.d415.s11.e1
T33	DDI-DrugBank.d415.s12.e0
T34	DDI-DrugBank.d415.s12.e1
T35	DDI-DrugBank.d415.s12.e2
T36	DDI-DrugBank.d415.s12.e3
R12	DDI-DrugBank.d415.s12.p3
T37	DDI-DrugBank.d415.s13.e0
T38	DDI-DrugBank.d415.s13.e1
T39	DDI-DrugBank.d415.s14.e0
T40	DDI-DrugBank.d415.s15.e0
T41	DDI-DrugBank.d415.s15.e1
T42	DDI-DrugBank.d415.s15.e2
R13	DDI-DrugBank.d415.s15.p0
T43	DDI-DrugBank.d415.s16.e0
