T1	DDI-DrugBank.d527.s0.e0
T2	DDI-DrugBank.d527.s1.e0
T3	DDI-DrugBank.d527.s1.e1
T4	DDI-DrugBank.d527.s1.e2
T5	DDI-DrugBank.d527.s1.e3
T6	DDI-DrugBank.d527.s1.e4
T7	DDI-DrugBank.d527.s1.e5
T8	DDI-DrugBank.d527.s1.e6
T9	DDI-DrugBank.d527.s1.e7
T10	DDI-DrugBank.d527.s1.e8
T11	DDI-DrugBank.d527.s1.e9
T12	DDI-DrugBank.d527.s2.e0
T13	DDI-DrugBank.d527.s2.e1
T14	DDI-DrugBank.d527.s2.e2
T15	DDI-DrugBank.d527.s2.e3
T16	DDI-DrugBank.d527.s2.e4
T17	DDI-DrugBank.d527.s2.e5
T18	DDI-DrugBank.d527.s2.e6
T19	DDI-DrugBank.d527.s2.e7
T20	DDI-DrugBank.d527.s2.e8
T21	DDI-DrugBank.d527.s2.e9
T22	DDI-DrugBank.d527.s2.e10
T23	DDI-DrugBank.d527.s2.e11
T24	DDI-DrugBank.d527.s2.e12
T25	DDI-DrugBank.d527.s2.e13
T26	DDI-DrugBank.d527.s2.e14
T27	DDI-DrugBank.d527.s3.e0
T28	DDI-DrugBank.d527.s3.e1
T29	DDI-DrugBank.d527.s3.e2
T30	DDI-DrugBank.d527.s3.e3
T31	DDI-DrugBank.d527.s3.e4
R1	DDI-DrugBank.d527.s3.p3
R2	DDI-DrugBank.d527.s3.p6
R3	DDI-DrugBank.d527.s3.p8
R4	DDI-DrugBank.d527.s3.p9
T32	DDI-DrugBank.d527.s4.e0
T33	DDI-DrugBank.d527.s5.e0
T34	DDI-DrugBank.d527.s5.e1
T35	DDI-DrugBank.d527.s5.e2
T36	DDI-DrugBank.d527.s5.e3
